---
source: cli/tests/main.rs
expression: file
input_file: cli/tests/files/markdown/heading/header-5.md
---
|                                                                              | printWidth
----------------------------------start input-----------------------------------
##### Hello world

-----------------------------------end input------------------------------------
|                                                                              | printWidth

