---
source: cli/tests/main.rs
expression: formatted
input_file: cli/tests/files/markdown/header-1.md
---
# Hello world

